Sep 26, 2026 08:37:54.716 [139807196277504] INFO - Plex Media Scanner v1.43.4.10903-e5521bd8c - Docker Docker Container (LinuxServer.io) x86_64 - build: linux-x86_64 - GMT 02:00
Sep 26, 2026 08:37:54.717 [139807196277504] INFO - Linux version: 6.12.107+deb13-amd64, language: en-US
Sep 26, 2026 08:37:54.717 [139807196277504] INFO - Processor: 6-core Intel(R) Core(TM) i5-9500T CPU @ 2.20GHz
Sep 26, 2026 08:37:54.717 [139807196277504] INFO - /usr/lib/plexmediaserver/Plex Media Scanner --analyze --log-file-suffix  Analysis --no-thumbs --item 10
Sep 26, 2026 08:37:54.719 [139807196778240] DEBUG - Opening 20 database sessions to library (com.plexapp.plugins.library), SQLite 3.53.3, threadsafe=1
Sep 26, 2026 08:37:54.811 [139807196778240] DEBUG - Analyzing media parts for item 10 (Vaiana, la légende du bout du monde): 15
Sep 26, 2026 08:37:54.812 [139807196778240] DEBUG - [ID 15] Media part analysis: /data/library/movies/Moana (2026)/Moana.2026.MULTI.VF2.2160p.MA.WEBRip.DV.HDR10Plus.EAC3.5.1.x265-SpK79.mkv
Sep 26, 2026 08:37:54.812 [139807196778240] DEBUG - [MI] Opening input file: "/data/library/movies/Moana (2026)/Moana.2026.MULTI.VF2.2160p.MA.WEBRip.DV.HDR10Plus.EAC3.5.1.x265-SpK79.mkv"
Sep 26, 2026 08:37:54.812 [139807196778240] DEBUG - [FFMPEG] - Opening '/data/library/movies/Moana (2026)/Moana.2026.MULTI.VF2.2160p.MA.WEBRip.DV.HDR10Plus.EAC3.5.1.x265-SpK79.mkv' for reading
Sep 26, 2026 08:37:54.812 [139807196778240] DEBUG - [FFMPEG] - Setting default whitelist 'file,crypto,data'
Sep 26, 2026 08:37:54.812 [139807196778240] DEBUG - [FFMPEG] - Format matroska,webm probed with size=2048 and score=100
Sep 26, 2026 08:37:54.813 [139807196778240] DEBUG - [FFMPEG] - Unknown entry 0x437D at pos. 6694
Sep 26, 2026 08:37:54.813 [139807196778240] DEBUG - [FFMPEG] - Unknown entry 0x437D at pos. 6746
Sep 26, 2026 08:37:54.813 [139807196778240] DEBUG - [FFMPEG] - Unknown entry 0x437D at pos. 6798
Sep 26, 2026 08:37:54.813 [139807196778240] DEBUG - [FFMPEG] - Unknown entry 0x437D at pos. 6850
Sep 26, 2026 08:37:54.813 [139807196778240] DEBUG - [FFMPEG] - Unknown entry 0x437D at pos. 6903
Sep 26, 2026 08:37:54.813 [139807196778240] DEBUG - [FFMPEG] - Unknown entry 0x437D at pos. 6956
Sep 26, 2026 08:37:54.813 [139807196778240] DEBUG - [FFMPEG] - Unknown entry 0x437D at pos. 7009
Sep 26, 2026 08:37:54.813 [139807196778240] DEBUG - [FFMPEG] - Unknown entry 0x437D at pos. 7062
Sep 26, 2026 08:37:54.813 [139807196778240] DEBUG - [FFMPEG] - Unknown entry 0x437D at pos. 7115
Sep 26, 2026 08:37:54.813 [139807196778240] DEBUG - [FFMPEG] - Unknown entry 0x437D at pos. 7168
Sep 26, 2026 08:37:54.813 [139807196778240] DEBUG - [FFMPEG] - Unknown entry 0x437D at pos. 7221
Sep 26, 2026 08:37:54.813 [139807196778240] DEBUG - [FFMPEG] - Unknown entry 0x437D at pos. 7274
Sep 26, 2026 08:37:54.813 [139807196778240] DEBUG - [FFMPEG] - Unknown entry 0x437D at pos. 7327
Sep 26, 2026 08:37:54.813 [139807196778240] DEBUG - [FFMPEG] - Unknown entry 0x437D at pos. 7380
Sep 26, 2026 08:37:54.813 [139807196778240] DEBUG - [FFMPEG] - Unknown entry 0x437D at pos. 7433
Sep 26, 2026 08:37:54.813 [139807196778240] DEBUG - [FFMPEG] - Unknown entry 0x437D at pos. 7486
Sep 26, 2026 08:37:54.813 [139807196778240] DEBUG - [FFMPEG] - Unknown entry 0x437D at pos. 7539
Sep 26, 2026 08:37:54.813 [139807196778240] DEBUG - [FFMPEG] - st:0 removing common factor 1000000 from timebase
Sep 26, 2026 08:37:54.813 [139807196778240] DEBUG - [FFMPEG] - st:1 removing common factor 1000000 from timebase
Sep 26, 2026 08:37:54.813 [139807196778240] DEBUG - [FFMPEG] - st:2 removing common factor 1000000 from timebase
Sep 26, 2026 08:37:54.813 [139807196778240] DEBUG - [FFMPEG] - st:3 removing common factor 1000000 from timebase
Sep 26, 2026 08:37:54.813 [139807196778240] DEBUG - [FFMPEG] - st:4 removing common factor 1000000 from timebase
Sep 26, 2026 08:37:54.813 [139807196778240] DEBUG - [FFMPEG] - st:5 removing common factor 1000000 from timebase
Sep 26, 2026 08:37:54.813 [139807196778240] DEBUG - [FFMPEG] - st:6 removing common factor 1000000 from timebase
Sep 26, 2026 08:37:54.813 [139807196778240] DEBUG - [FFMPEG] - st:7 removing common factor 1000000 from timebase
Sep 26, 2026 08:37:54.813 [139807196778240] DEBUG - [FFMPEG] - st:8 removing common factor 1000000 from timebase
Sep 26, 2026 08:37:54.813 [139807196778240] DEBUG - [FFMPEG] - Before avformat_find_stream_info() pos: 7651 bytes read:35811 seeks:2 nb_streams:9
Sep 26, 2026 08:37:54.813 [139807196778240] DEBUG - [FFMPEG] - nal_unit_type: 32(VPS), nuh_layer_id: 0, temporal_id: 0
Sep 26, 2026 08:37:54.816 [139807196778240] DEBUG - [FFMPEG] - Decoding VPS
Sep 26, 2026 08:37:54.816 [139807196778240] DEBUG - [FFMPEG] - Main 10 profile bitstream
Sep 26, 2026 08:37:54.816 [139807196778240] DEBUG - [FFMPEG] - nal_unit_type: 33(SPS), nuh_layer_id: 0, temporal_id: 0
Sep 26, 2026 08:37:54.816 [139807196778240] DEBUG - [FFMPEG] - Decoding SPS
Sep 26, 2026 08:37:54.816 [139807196778240] DEBUG - [FFMPEG] - Main 10 profile bitstream
Sep 26, 2026 08:37:54.816 [139807196778240] DEBUG - [FFMPEG] - Decoding VUI
Sep 26, 2026 08:37:54.816 [139807196778240] DEBUG - [FFMPEG] - nal_unit_type: 34(PPS), nuh_layer_id: 0, temporal_id: 0
Sep 26, 2026 08:37:54.816 [139807196778240] DEBUG - [FFMPEG] - Decoding PPS
Sep 26, 2026 08:37:54.816 [139807196778240] DEBUG - [FFMPEG] - nal_unit_type: 39(SEI_PREFIX), nuh_layer_id: 0, temporal_id: 0
Sep 26, 2026 08:37:54.816 [139807196778240] DEBUG - [FFMPEG] - Decoding SEI
Sep 26, 2026 08:37:54.816 [139807196778240] DEBUG - [FFMPEG] - nal_unit_type: 39(SEI_PREFIX), nuh_layer_id: 0, temporal_id: 0
Sep 26, 2026 08:37:54.816 [139807196778240] DEBUG - [FFMPEG] - Decoding SEI
Sep 26, 2026 08:37:54.816 [139807196778240] DEBUG - [FFMPEG] - nal_unit_type: 39(SEI_PREFIX), nuh_layer_id: 0, temporal_id: 0
Sep 26, 2026 08:37:54.816 [139807196778240] DEBUG - [FFMPEG] - Decoding SEI
Sep 26, 2026 08:37:54.816 [139807196778240] DEBUG - [FFMPEG] - first_dts 0 not matching first dts NOPTS (pts 0, duration 41) in the queue
Sep 26, 2026 08:37:54.817 [139807196778240] DEBUG - [FFMPEG] - All info found
Sep 26, 2026 08:37:54.818 [139807196778240] DEBUG - [FFMPEG] - After avformat_find_stream_info() pos: 412663 bytes read:461795 seeks:2 frames:174
Sep 26, 2026 08:37:54.822 [139807196778240] DEBUG - [FFMPEG] - nal_unit_type: 32(VPS), nuh_layer_id: 0, temporal_id: 0
Sep 26, 2026 08:37:54.825 [139807196778240] DEBUG - [FFMPEG] - Decoding VPS
Sep 26, 2026 08:37:54.825 [139807196778240] DEBUG - [FFMPEG] - Main 10 profile bitstream
Sep 26, 2026 08:37:54.825 [139807196778240] DEBUG - [FFMPEG] - nal_unit_type: 33(SPS), nuh_layer_id: 0, temporal_id: 0
Sep 26, 2026 08:37:54.825 [139807196778240] DEBUG - [FFMPEG] - Decoding SPS
Sep 26, 2026 08:37:54.825 [139807196778240] DEBUG - [FFMPEG] - Main 10 profile bitstream
Sep 26, 2026 08:37:54.825 [139807196778240] DEBUG - [FFMPEG] - Decoding VUI
Sep 26, 2026 08:37:54.825 [139807196778240] DEBUG - [FFMPEG] - nal_unit_type: 34(PPS), nuh_layer_id: 0, temporal_id: 0
Sep 26, 2026 08:37:54.825 [139807196778240] DEBUG - [FFMPEG] - Decoding PPS
Sep 26, 2026 08:37:54.826 [139807196778240] DEBUG - [FFMPEG] - nal_unit_type: 39(SEI_PREFIX), nuh_layer_id: 0, temporal_id: 0
Sep 26, 2026 08:37:54.826 [139807196778240] DEBUG - [FFMPEG] - Decoding SEI
Sep 26, 2026 08:37:54.826 [139807196778240] DEBUG - [FFMPEG] - nal_unit_type: 39(SEI_PREFIX), nuh_layer_id: 0, temporal_id: 0
Sep 26, 2026 08:37:54.826 [139807196778240] DEBUG - [FFMPEG] - Decoding SEI
Sep 26, 2026 08:37:54.826 [139807196778240] DEBUG - [FFMPEG] - nal_unit_type: 39(SEI_PREFIX), nuh_layer_id: 0, temporal_id: 0
Sep 26, 2026 08:37:54.826 [139807196778240] DEBUG - [FFMPEG] - Decoding SEI
Sep 26, 2026 08:37:54.830 [139807196778240] DEBUG - [FFMPEG] - nal_unit_type: 35(AUD), nuh_layer_id: 0, temporal_id: 0
Sep 26, 2026 08:37:54.830 [139807196778240] DEBUG - [FFMPEG] - nal_unit_type: 32(VPS), nuh_layer_id: 0, temporal_id: 0
Sep 26, 2026 08:37:54.830 [139807196778240] DEBUG - [FFMPEG] - nal_unit_type: 33(SPS), nuh_layer_id: 0, temporal_id: 0
Sep 26, 2026 08:37:54.830 [139807196778240] DEBUG - [FFMPEG] - nal_unit_type: 34(PPS), nuh_layer_id: 0, temporal_id: 0
Sep 26, 2026 08:37:54.830 [139807196778240] DEBUG - [FFMPEG] - nal_unit_type: 39(SEI_PREFIX), nuh_layer_id: 0, temporal_id: 0
Sep 26, 2026 08:37:54.830 [139807196778240] DEBUG - [FFMPEG] - nal_unit_type: 39(SEI_PREFIX), nuh_layer_id: 0, temporal_id: 0
Sep 26, 2026 08:37:54.830 [139807196778240] DEBUG - [FFMPEG] - nal_unit_type: 39(SEI_PREFIX), nuh_layer_id: 0, temporal_id: 0
Sep 26, 2026 08:37:54.830 [139807196778240] DEBUG - [FFMPEG] - nal_unit_type: 39(SEI_PREFIX), nuh_layer_id: 0, temporal_id: 0
Sep 26, 2026 08:37:54.830 [139807196778240] DEBUG - [FFMPEG] - nal_unit_type: 39(SEI_PREFIX), nuh_layer_id: 0, temporal_id: 0
Sep 26, 2026 08:37:54.830 [139807196778240] DEBUG - [FFMPEG] - nal_unit_type: 39(SEI_PREFIX), nuh_layer_id: 0, temporal_id: 0
Sep 26, 2026 08:37:54.830 [139807196778240] DEBUG - [FFMPEG] - nal_unit_type: 20(IDR_N_LP), nuh_layer_id: 0, temporal_id: 0
Sep 26, 2026 08:37:54.830 [139807196778240] DEBUG - [FFMPEG] - nal_unit_type: 62(UNSPEC62), nuh_layer_id: 0, temporal_id: 0
Sep 26, 2026 08:37:54.833 [139807196778240] DEBUG - [FFMPEG] - Decoding VPS
Sep 26, 2026 08:37:54.833 [139807196778240] DEBUG - [FFMPEG] - Main 10 profile bitstream
Sep 26, 2026 08:37:54.837 [139807196778240] DEBUG - [FFMPEG] - Decoding SPS
Sep 26, 2026 08:37:54.837 [139807196778240] DEBUG - [FFMPEG] - Main 10 profile bitstream
Sep 26, 2026 08:37:54.837 [139807196778240] DEBUG - [FFMPEG] - Decoding VUI
Sep 26, 2026 08:37:54.837 [139807196778240] DEBUG - [FFMPEG] - Decoding PPS
Sep 26, 2026 08:37:54.837 [139807196778240] DEBUG - [FFMPEG] - Decoding SEI
Sep 26, 2026 08:37:54.837 [139807196778240] DEBUG - [FFMPEG] - Decoding SEI
Sep 26, 2026 08:37:54.837 [139807196778240] DEBUG - [FFMPEG] - Decoding SEI
Sep 26, 2026 08:37:54.837 [139807196778240] DEBUG - [FFMPEG] - Decoding SEI
Sep 26, 2026 08:37:54.837 [139807196778240] DEBUG - [FFMPEG] - Skipped PREFIX SEI 0
Sep 26, 2026 08:37:54.837 [139807196778240] DEBUG - [FFMPEG] - Decoding SEI
Sep 26, 2026 08:37:54.837 [139807196778240] DEBUG - [FFMPEG] - Decoding SEI
Sep 26, 2026 08:37:54.838 [139807196778240] DEBUG - [FFMPEG] - Format yuv420p10le chosen by get_format().
Sep 26, 2026 08:37:54.850 [139807196778240] DEBUG - [FFMPEG] - Mastering Display Metadata:
Sep 26, 2026 08:37:54.850 [139807196778240] DEBUG - [FFMPEG] - r(0.7080,0.2920) g(0.1700,0.7970) b(0.1310 0.0460) wp(0.3127, 0.3290)
Sep 26, 2026 08:37:54.850 [139807196778240] DEBUG - [FFMPEG] - min_luminance=0.000100, max_luminance=1000.000000
Sep 26, 2026 08:37:54.850 [139807196778240] DEBUG - [FFMPEG] - Content Light Level Metadata:
Sep 26, 2026 08:37:54.850 [139807196778240] DEBUG - [FFMPEG] - MaxCLL=337, MaxFALL=164
Sep 26, 2026 08:37:54.864 [139807196778240] DEBUG - [FFMPEG] - Decoded frame with POC 0.
Sep 26, 2026 08:37:54.866 [139807196778240] DEBUG - [FFMPEG] - nal_unit_type: 35(AUD), nuh_layer_id: 0, temporal_id: 0
Sep 26, 2026 08:37:54.866 [139807196778240] DEBUG - [FFMPEG] - nal_unit_type: 32(VPS), nuh_layer_id: 0, temporal_id: 0
Sep 26, 2026 08:37:54.866 [139807196778240] DEBUG - [FFMPEG] - nal_unit_type: 33(SPS), nuh_layer_id: 0, temporal_id: 0
Sep 26, 2026 08:37:54.866 [139807196778240] DEBUG - [FFMPEG] - nal_unit_type: 34(PPS), nuh_layer_id: 0, temporal_id: 0
Sep 26, 2026 08:37:54.866 [139807196778240] DEBUG - [FFMPEG] - nal_unit_type: 39(SEI_PREFIX), nuh_layer_id: 0, temporal_id: 0
Sep 26, 2026 08:37:54.866 [139807196778240] DEBUG - [FFMPEG] - nal_unit_type: 39(SEI_PREFIX), nuh_layer_id: 0, temporal_id: 0
Sep 26, 2026 08:37:54.866 [139807196778240] DEBUG - [FFMPEG] - nal_unit_type: 39(SEI_PREFIX), nuh_layer_id: 0, temporal_id: 0
Sep 26, 2026 08:37:54.866 [139807196778240] DEBUG - [FFMPEG] - nal_unit_type: 39(SEI_PREFIX), nuh_layer_id: 0, temporal_id: 0
Sep 26, 2026 08:37:54.866 [139807196778240] DEBUG - [FFMPEG] - nal_unit_type: 39(SEI_PREFIX), nuh_layer_id: 0, temporal_id: 0
Sep 26, 2026 08:37:54.866 [139807196778240] DEBUG - [FFMPEG] - nal_unit_type: 39(SEI_PREFIX), nuh_layer_id: 0, temporal_id: 0
Sep 26, 2026 08:37:54.867 [139807196778240] DEBUG - [FFMPEG] - nal_unit_type: 21(CRA_NUT), nuh_layer_id: 0, temporal_id: 0
Sep 26, 2026 08:37:54.867 [139807196778240] DEBUG - [FFMPEG] - nal_unit_type: 62(UNSPEC62), nuh_layer_id: 0, temporal_id: 0
Sep 26, 2026 08:37:54.870 [139807196778240] DEBUG - [FFMPEG] - Decoding VPS
Sep 26, 2026 08:37:54.870 [139807196778240] DEBUG - [FFMPEG] - Main 10 profile bitstream
Sep 26, 2026 08:37:54.873 [139807196778240] DEBUG - [FFMPEG] - Decoding SPS
Sep 26, 2026 08:37:54.873 [139807196778240] DEBUG - [FFMPEG] - Main 10 profile bitstream
Sep 26, 2026 08:37:54.873 [139807196778240] DEBUG - [FFMPEG] - Decoding VUI
Sep 26, 2026 08:37:54.873 [139807196778240] DEBUG - [FFMPEG] - Decoding PPS
Sep 26, 2026 08:37:54.873 [139807196778240] DEBUG - [FFMPEG] - Decoding SEI
Sep 26, 2026 08:37:54.873 [139807196778240] DEBUG - [FFMPEG] - Decoding SEI
Sep 26, 2026 08:37:54.873 [139807196778240] DEBUG - [FFMPEG] - Decoding SEI
Sep 26, 2026 08:37:54.873 [139807196778240] DEBUG - [FFMPEG] - Decoding SEI
Sep 26, 2026 08:37:54.873 [139807196778240] DEBUG - [FFMPEG] - Skipped PREFIX SEI 0
Sep 26, 2026 08:37:54.873 [139807196778240] DEBUG - [FFMPEG] - Decoding SEI
Sep 26, 2026 08:37:54.873 [139807196778240] DEBUG - [FFMPEG] - Decoding SEI
Sep 26, 2026 08:37:54.934 [139807196778240] DEBUG - [FFMPEG] - Mastering Display Metadata:
Sep 26, 2026 08:37:54.934 [139807196778240] DEBUG - [FFMPEG] - r(0.7080,0.2920) g(0.1700,0.7970) b(0.1310 0.0460) wp(0.3127, 0.3290)
Sep 26, 2026 08:37:54.934 [139807196778240] DEBUG - [FFMPEG] - min_luminance=0.000100, max_luminance=1000.000000
Sep 26, 2026 08:37:54.934 [139807196778240] DEBUG - [FFMPEG] - Content Light Level Metadata:
Sep 26, 2026 08:37:54.934 [139807196778240] DEBUG - [FFMPEG] - MaxCLL=337, MaxFALL=164
Sep 26, 2026 08:37:54.946 [139807196778240] DEBUG - [FFMPEG] - Decoded frame with POC 128.
Sep 26, 2026 08:37:54.949 [139807196778240] DEBUG - [FFMPEG] - Output frame with POC 0.
Sep 26, 2026 08:37:54.957 [139807196778240] DEBUG - [MI]  * 8a18766c242908fc3ef820f73b7096cbd2dcf60d [mkv hevc/eac3] Duration: 6913392ms, 3840x1608 (2.388060) 24.000fps, bitrate=6400kbps, audio channels=6, optimizedForStreaming=0 ("/data/library/movies/Moana (2026)/Moana.2026.MULTI.VF2.2160p.MA.WEBRip.DV.HDR10Plus.EAC3.5.1.x265-SpK79.mkv")
Sep 26, 2026 08:37:54.957 [139807196778240] DEBUG - [MI] Importing 17 media chapters.
Sep 26, 2026 08:37:54.957 [139807196778240] DEBUG - [MI] Chapters had generic titles, clearing.
Sep 26, 2026 08:37:54.958 [139807196778240] DEBUG - [MI] Closing input file: "/data/library/movies/Moana (2026)/Moana.2026.MULTI.VF2.2160p.MA.WEBRip.DV.HDR10Plus.EAC3.5.1.x265-SpK79.mkv"
Sep 26, 2026 08:37:54.958 [139807196778240] DEBUG - Committing media stream changes for part 15
Sep 26, 2026 08:37:54.959 [139807196778240] DEBUG - Updating media item 15, size=5531454460, metadata_item_id=10
Sep 26, 2026 08:37:54.959 [139807196778240] DEBUG - Updating part with ID=15 [/data/library/movies/Moana (2026)/Moana.2026.MULTI.VF2.2160p.MA.WEBRip.DV.HDR10Plus.EAC3.5.1.x265-SpK79.mkv]
Sep 26, 2026 08:37:54.960 [139807165483776] DEBUG - [HCl#1] HTTP requesting GET http://127.0.0.1:32400/:/metadata/notify/changeItemState?librarySectionID=1&metadataItemID=10&metadataType=1&state=-1&parentID=-1&rootID=-1&mediaState=analyzing
Sep 26, 2026 08:37:54.961 [139807164250880] DEBUG - [HttpClient/HCl#1] HTTP/1.1 (0.0s) 200 response from GET http://127.0.0.1:32400/:/metadata/notify/changeItemState?librarySectionID=1&metadataItemID=10&metadataType=1&state=-1&parentID=-1&rootID=-1&mediaState=analyzing
Sep 26, 2026 08:37:54.961 [139807165483776] DEBUG - [HCl#2] HTTP requesting GET http://127.0.0.1:32400/:/metadata/notify/changeItemState?librarySectionID=1&metadataItemID=10&metadataType=1&state=-1&parentID=-1&rootID=-1&mediaState=idle
Sep 26, 2026 08:37:54.962 [139807164250880] DEBUG - [HttpClient/HCl#2] HTTP/1.1 (0.0s) 200 response from GET http://127.0.0.1:32400/:/metadata/notify/changeItemState?librarySectionID=1&metadataItemID=10&metadataType=1&state=-1&parentID=-1&rootID=-1&mediaState=idle (reused)
Sep 26, 2026 08:37:54.963 [139807196778240] DEBUG - Downloading document http://127.0.0.1:32400/library/changestamp
Sep 26, 2026 08:37:54.963 [139807196778240] DEBUG - [HCl#3] HTTP requesting GET http://127.0.0.1:32400/library/changestamp
Sep 26, 2026 08:37:54.964 [139807164250880] DEBUG - [HttpClient/HCl#3] HTTP/1.1 (0.0s) 200 response from GET http://127.0.0.1:32400/library/changestamp (reused)
Sep 26, 2026 08:37:54.964 [139807196778240] DEBUG - Updating metadata item (save) (Vaiana, la légende du bout du monde) with ID 10
Sep 26, 2026 08:37:54.965 [139807196778240] DEBUG - Doing expensive tags write for 'Vaiana, la légende du bout du monde' because something changed.
Sep 26, 2026 08:37:54.967 [139807196778240] DEBUG - Downloading document http://127.0.0.1:32400/library/changestamp
Sep 26, 2026 08:37:54.967 [139807196778240] DEBUG - [HCl#4] HTTP requesting GET http://127.0.0.1:32400/library/changestamp
Sep 26, 2026 08:37:54.967 [139807164250880] DEBUG - [HttpClient/HCl#4] HTTP/1.1 (0.0s) 200 response from GET http://127.0.0.1:32400/library/changestamp (reused)
Sep 26, 2026 08:37:54.967 [139807196778240] DEBUG - Updating metadata item (save) (Vaiana, la légende du bout du monde) with ID 10
