Sep 26, 2026 07:50:42.902 [140486885112576] INFO - Plex Media Scanner v1.43.4.10903-e5521bd8c - Docker Docker Container (LinuxServer.io) x86_64 - build: linux-x86_64 - GMT 02:00
Sep 26, 2026 07:50:42.902 [140486885112576] INFO - Linux version: 6.12.107+deb13-amd64, language: en-US
Sep 26, 2026 07:50:42.902 [140486885112576] INFO - Processor: 6-core Intel(R) Core(TM) i5-9500T CPU @ 2.20GHz
Sep 26, 2026 07:50:42.902 [140486885112576] INFO - /usr/lib/plexmediaserver/Plex Media Scanner --analyze --log-file-suffix  Analysis --no-thumbs --item 1
Sep 26, 2026 07:50:42.902 [140486885613312] DEBUG - Opening 20 database sessions to library (com.plexapp.plugins.library), SQLite 3.53.3, threadsafe=1
Sep 26, 2026 07:50:42.999 [140486885613312] DEBUG - Analyzing media parts for item 1 (Florence Foresti: Boys boys boys): 1
Sep 26, 2026 07:50:42.999 [140486885613312] DEBUG - [ID 1] Media part analysis: /data/library/movies/Florence.Foresti.Boys.Boys.Boys.2024.FRENCH.AD.1080p.AMZN.WEB.H264-BYOR.mkv
Sep 26, 2026 07:50:43.000 [140486885613312] DEBUG - [MI] Opening input file: "/data/library/movies/Florence.Foresti.Boys.Boys.Boys.2024.FRENCH.AD.1080p.AMZN.WEB.H264-BYOR.mkv"
Sep 26, 2026 07:50:43.002 [140486885613312] DEBUG - [FFMPEG] - Opening '/data/library/movies/Florence.Foresti.Boys.Boys.Boys.2024.FRENCH.AD.1080p.AMZN.WEB.H264-BYOR.mkv' for reading
Sep 26, 2026 07:50:43.003 [140486885613312] DEBUG - [FFMPEG] - Setting default whitelist 'file,crypto,data'
Sep 26, 2026 07:50:43.008 [140486885613312] DEBUG - [FFMPEG] - Format matroska,webm probed with size=2048 and score=100
Sep 26, 2026 07:50:43.009 [140486885613312] DEBUG - [FFMPEG] - st:0 removing common factor 1000000 from timebase
Sep 26, 2026 07:50:43.009 [140486885613312] DEBUG - [FFMPEG] - st:1 removing common factor 1000000 from timebase
Sep 26, 2026 07:50:43.009 [140486885613312] DEBUG - [FFMPEG] - st:2 removing common factor 1000000 from timebase
Sep 26, 2026 07:50:43.009 [140486885613312] DEBUG - [FFMPEG] - st:3 removing common factor 1000000 from timebase
Sep 26, 2026 07:50:43.010 [140486885613312] INFO - CodecManager: obtaining decoder 'h264'
Sep 26, 2026 07:50:43.010 [140486885613312] DEBUG - [HCl#1] HTTP requesting GET https://servers.plex.tv/api/codecs/h264_decoder?build=linux-x86_64-standard&deviceId=f8e56ef4-35b1-4ec5-b67f-9d2c48ab5cc0&oldestPreviousVersion=1%2E43%2E4%2E10903-e5521bd8c&version=a336ba9-16a9aaf440ee9a92b75f070b
Sep 26, 2026 07:50:43.223 [140486875347712] DEBUG - [HttpClient/HCl#1] HTTP/2.0 (0.2s) 200 response from GET https://servers.plex.tv/api/codecs/h264_decoder?build=linux-x86_64-standard&deviceId=f8e56ef4-35b1-4ec5-b67f-9d2c48ab5cc0&oldestPreviousVersion=1%2E43%2E4%2E10903-e5521bd8c&version=a336ba9-16a9aaf440ee9a92b75f070b
Sep 26, 2026 07:50:43.224 [140486873459456] DEBUG - [GetFile/HCl#2] HTTP requesting GET https://downloads.plex.tv/codecs/a336ba9-16a9aaf440ee9a92b75f070b/linux-x86_64-standard/libh264_decoder.so
Sep 26, 2026 07:50:43.455 [140486875347712] DEBUG - [HttpClient/HCl#2] HTTP/2.0 (0.2s) 200 response from GET https://downloads.plex.tv/codecs/a336ba9-16a9aaf440ee9a92b75f070b/linux-x86_64-standard/libh264_decoder.so
Sep 26, 2026 07:50:43.478 [140486885613312] DEBUG - [FFMPEG] - Before avformat_find_stream_info() pos: 5794 bytes read:34075 seeks:2 nb_streams:4
Sep 26, 2026 07:50:43.483 [140486885613312] DEBUG - [FFMPEG] - nal_unit_type: 7(SPS), nal_ref_idc: 3
Sep 26, 2026 07:50:43.483 [140486885613312] DEBUG - [FFMPEG] - Decoding VUI
Sep 26, 2026 07:50:43.483 [140486885613312] DEBUG - [FFMPEG] - nal_unit_type: 8(PPS), nal_ref_idc: 3
Sep 26, 2026 07:50:43.484 [140486885613312] DEBUG - [FFMPEG] - nal_unit_type: 7(SPS), nal_ref_idc: 3
Sep 26, 2026 07:50:43.485 [140486885613312] DEBUG - [FFMPEG] - Decoding VUI
Sep 26, 2026 07:50:43.485 [140486885613312] DEBUG - [FFMPEG] - nal_unit_type: 8(PPS), nal_ref_idc: 3
Sep 26, 2026 07:50:43.486 [140486885613312] DEBUG - [FFMPEG] - nal_unit_type: 5(IDR), nal_ref_idc: 3
Sep 26, 2026 07:50:43.486 [140486885613312] DEBUG - [FFMPEG] - Format yuv420p chosen by get_format().
Sep 26, 2026 07:50:43.497 [140486885613312] DEBUG - [FFMPEG] - no picture 
Sep 26, 2026 07:50:43.503 [140486885613312] DEBUG - [FFMPEG] - nal_unit_type: 1(Coded slice of a non-IDR picture), nal_ref_idc: 2
Sep 26, 2026 07:50:43.509 [140486885613312] DEBUG - [FFMPEG] - no picture 
Sep 26, 2026 07:50:43.513 [140486885613312] DEBUG - [FFMPEG] - nal_unit_type: 1(Coded slice of a non-IDR picture), nal_ref_idc: 2
Sep 26, 2026 07:50:43.519 [140486885613312] DEBUG - [FFMPEG] - nal_unit_type: 1(Coded slice of a non-IDR picture), nal_ref_idc: 0
Sep 26, 2026 07:50:43.524 [140486885613312] DEBUG - [FFMPEG] - nal_unit_type: 1(Coded slice of a non-IDR picture), nal_ref_idc: 0
Sep 26, 2026 07:50:43.529 [140486885613312] DEBUG - [FFMPEG] - nal_unit_type: 1(Coded slice of a non-IDR picture), nal_ref_idc: 2
Sep 26, 2026 07:50:43.532 [140486885613312] DEBUG - [FFMPEG] - nal_unit_type: 1(Coded slice of a non-IDR picture), nal_ref_idc: 2
Sep 26, 2026 07:50:43.537 [140486885613312] DEBUG - [FFMPEG] - nal_unit_type: 1(Coded slice of a non-IDR picture), nal_ref_idc: 2
Sep 26, 2026 07:50:43.542 [140486885613312] DEBUG - [FFMPEG] - nal_unit_type: 1(Coded slice of a non-IDR picture), nal_ref_idc: 2
Sep 26, 2026 07:50:43.549 [140486885613312] DEBUG - [FFMPEG] - All info found
Sep 26, 2026 07:50:43.550 [140486885613312] DEBUG - [FFMPEG] - After avformat_find_stream_info() pos: 184620 bytes read:230683 seeks:2 frames:42
Sep 26, 2026 07:50:43.555 [140486885613312] DEBUG - [MI]  * 2e8556b8fc937bbf8c4db0c7c4fab8fed4163f81 [mkv h264/eac3] Duration: 4814688ms, 1920x1080 (1.777778) 25.000fps, bitrate=8495kbps, audio channels=2, optimizedForStreaming=0 ("/data/library/movies/Florence.Foresti.Boys.Boys.Boys.2024.FRENCH.AD.1080p.AMZN.WEB.H264-BYOR.mkv")
Sep 26, 2026 07:50:43.555 [140486885613312] DEBUG - [MI] Chapters had generic titles, clearing.
Sep 26, 2026 07:50:43.555 [140486885613312] DEBUG - [MI] Closing input file: "/data/library/movies/Florence.Foresti.Boys.Boys.Boys.2024.FRENCH.AD.1080p.AMZN.WEB.H264-BYOR.mkv"
Sep 26, 2026 07:50:43.555 [140486885613312] DEBUG - Committing media stream changes for part 1
Sep 26, 2026 07:50:43.556 [140486885613312] DEBUG - Updating media item 1, size=5113062846, metadata_item_id=1
Sep 26, 2026 07:50:43.556 [140486885613312] DEBUG - Updating part with ID=1 [/data/library/movies/Florence.Foresti.Boys.Boys.Boys.2024.FRENCH.AD.1080p.AMZN.WEB.H264-BYOR.mkv]
Sep 26, 2026 07:50:43.556 [140486869605120] DEBUG - [HCl#3] HTTP requesting GET http://127.0.0.1:32400/:/metadata/notify/changeItemState?librarySectionID=1&metadataItemID=1&metadataType=1&state=-1&parentID=-1&rootID=-1&mediaState=analyzing
Sep 26, 2026 07:50:43.557 [140486875347712] DEBUG - [HttpClient/HCl#3] HTTP/1.1 (0.0s) 200 response from GET http://127.0.0.1:32400/:/metadata/notify/changeItemState?librarySectionID=1&metadataItemID=1&metadataType=1&state=-1&parentID=-1&rootID=-1&mediaState=analyzing
Sep 26, 2026 07:50:43.558 [140486869605120] DEBUG - [HCl#4] HTTP requesting GET http://127.0.0.1:32400/:/metadata/notify/changeItemState?librarySectionID=1&metadataItemID=1&metadataType=1&state=-1&parentID=-1&rootID=-1&mediaState=idle
Sep 26, 2026 07:50:43.558 [140486875347712] DEBUG - [HttpClient/HCl#4] HTTP/1.1 (0.0s) 200 response from GET http://127.0.0.1:32400/:/metadata/notify/changeItemState?librarySectionID=1&metadataItemID=1&metadataType=1&state=-1&parentID=-1&rootID=-1&mediaState=idle (reused)
Sep 26, 2026 07:50:43.558 [140486885613312] DEBUG - Downloading document http://127.0.0.1:32400/library/changestamp
Sep 26, 2026 07:50:43.558 [140486885613312] DEBUG - [HCl#5] HTTP requesting GET http://127.0.0.1:32400/library/changestamp
Sep 26, 2026 07:50:43.559 [140486875347712] DEBUG - [HttpClient/HCl#5] HTTP/1.1 (0.0s) 200 response from GET http://127.0.0.1:32400/library/changestamp (reused)
Sep 26, 2026 07:50:43.559 [140486885613312] DEBUG - Updating metadata item (save) (Florence Foresti: Boys boys boys) with ID 1
