Sep 26, 2026 07:57:58.279 [140107923548928] INFO - Plex Media Scanner v1.43.4.10903-e5521bd8c - Docker Docker Container (LinuxServer.io) x86_64 - build: linux-x86_64 - GMT 02:00
Sep 26, 2026 07:57:58.279 [140107923548928] INFO - Linux version: 6.12.107+deb13-amd64, language: en-US
Sep 26, 2026 07:57:58.279 [140107923548928] INFO - Processor: 6-core Intel(R) Core(TM) i5-9500T CPU @ 2.20GHz
Sep 26, 2026 07:57:58.279 [140107923548928] INFO - /usr/lib/plexmediaserver/Plex Media Scanner --match --type 1 --log-file-suffix  Matcher --item 4 --content-type=application/json
Sep 26, 2026 07:57:58.279 [140107924049664] DEBUG - Opening 20 database sessions to library (com.plexapp.plugins.library), SQLite 3.53.3, threadsafe=1
Sep 26, 2026 07:57:58.364 [140107924049664] DEBUG - Matcher: found 0 auxiliary files for Forsaken
Sep 26, 2026 07:57:58.364 [140107924049664] DEBUG - [MI] Opening input file: "/data/library/movies/Forsaken (2026)/L.Abandon.2026.VOF.1080p.WEB.H265-PiCKLES.mp4"
Sep 26, 2026 07:57:58.364 [140107924049664] DEBUG - [FFMPEG] - Opening '/data/library/movies/Forsaken (2026)/L.Abandon.2026.VOF.1080p.WEB.H265-PiCKLES.mp4' for reading
Sep 26, 2026 07:57:58.364 [140107924049664] DEBUG - [FFMPEG] - Setting default whitelist 'file,crypto,data'
Sep 26, 2026 07:57:58.364 [140107924049664] DEBUG - [FFMPEG] - Format mov,mp4,m4a,3gp,3g2,mj2 probed with size=2048 and score=100
Sep 26, 2026 07:57:58.364 [140107924049664] DEBUG - [FFMPEG] - ISO: File Type Major Brand: isom
Sep 26, 2026 07:57:58.364 [140107924049664] DEBUG - [FFMPEG] - Unknown dref type 0x206c7275 size 12
Sep 26, 2026 07:57:58.378 [140107924049664] DEBUG - [FFMPEG] - Processing st: 0, edit list 0 - media time: 1024, duration: 74452488
Sep 26, 2026 07:57:58.384 [140107924049664] DEBUG - [FFMPEG] - Offset DTS by 1024 to make first pts zero.
Sep 26, 2026 07:57:58.385 [140107924049664] DEBUG - [FFMPEG] - Unknown dref type 0x206c7275 size 12
Sep 26, 2026 07:57:58.394 [140107924049664] DEBUG - [FFMPEG] - Processing st: 1, edit list 0 - media time: 0, duration: 290830848
Sep 26, 2026 07:57:58.403 [140107924049664] WARN - [FFMPEG] - stream 0, timescale not set
Sep 26, 2026 07:57:58.403 [140107924049664] DEBUG - [FFMPEG] - Before avformat_find_stream_info() pos: 2460922467 bytes read:12767069 seeks:1 nb_streams:3
Sep 26, 2026 07:57:58.403 [140107924049664] DEBUG - [FFMPEG] - nal_unit_type: 32(VPS), nuh_layer_id: 0, temporal_id: 0
Sep 26, 2026 07:57:58.405 [140107924049664] DEBUG - [FFMPEG] - Decoding VPS
Sep 26, 2026 07:57:58.405 [140107924049664] DEBUG - [FFMPEG] - Main profile bitstream
Sep 26, 2026 07:57:58.405 [140107924049664] DEBUG - [FFMPEG] - nal_unit_type: 33(SPS), nuh_layer_id: 0, temporal_id: 0
Sep 26, 2026 07:57:58.405 [140107924049664] DEBUG - [FFMPEG] - Decoding SPS
Sep 26, 2026 07:57:58.405 [140107924049664] DEBUG - [FFMPEG] - Main profile bitstream
Sep 26, 2026 07:57:58.405 [140107924049664] DEBUG - [FFMPEG] - Decoding VUI
Sep 26, 2026 07:57:58.405 [140107924049664] DEBUG - [FFMPEG] - nal_unit_type: 34(PPS), nuh_layer_id: 0, temporal_id: 0
Sep 26, 2026 07:57:58.405 [140107924049664] DEBUG - [FFMPEG] - Decoding PPS
Sep 26, 2026 07:57:58.575 [140107924049664] DEBUG - [FFMPEG] - All info found
Sep 26, 2026 07:57:58.575 [140107924049664] DEBUG - [FFMPEG] - After avformat_find_stream_info() pos: 5868 bytes read:12799837 seeks:2 frames:5
Sep 26, 2026 07:57:58.576 [140107924049664] DEBUG - [FFMPEG] - nal_unit_type: 32(VPS), nuh_layer_id: 0, temporal_id: 0
Sep 26, 2026 07:57:58.578 [140107924049664] DEBUG - [FFMPEG] - Decoding VPS
Sep 26, 2026 07:57:58.578 [140107924049664] DEBUG - [FFMPEG] - Main profile bitstream
Sep 26, 2026 07:57:58.578 [140107924049664] DEBUG - [FFMPEG] - nal_unit_type: 33(SPS), nuh_layer_id: 0, temporal_id: 0
Sep 26, 2026 07:57:58.578 [140107924049664] DEBUG - [FFMPEG] - Decoding SPS
Sep 26, 2026 07:57:58.578 [140107924049664] DEBUG - [FFMPEG] - Main profile bitstream
Sep 26, 2026 07:57:58.578 [140107924049664] DEBUG - [FFMPEG] - Decoding VUI
Sep 26, 2026 07:57:58.578 [140107924049664] DEBUG - [FFMPEG] - nal_unit_type: 34(PPS), nuh_layer_id: 0, temporal_id: 0
Sep 26, 2026 07:57:58.578 [140107924049664] DEBUG - [FFMPEG] - Decoding PPS
Sep 26, 2026 07:57:58.578 [140107924049664] ERROR - [Time] Date looks invalid: 2026--1--1
Sep 26, 2026 07:57:58.609 [140107924049664] DEBUG - MediaFile: found embedded image, saved to '"/run/plex-temp/8a0ec4cf7fe89d9a134eb6f78adb160c.jpg"'
Sep 26, 2026 07:57:58.609 [140107924049664] DEBUG - [MI] Closing input file: "/data/library/movies/Forsaken (2026)/L.Abandon.2026.VOF.1080p.WEB.H265-PiCKLES.mp4"
Sep 26, 2026 07:57:58.610 [140107924049664] DEBUG - Matcher: no sidecar subtitle files found for /data/library/movies/Forsaken (2026)/L.Abandon.2026.VOF.1080p.WEB.H265-PiCKLES.mp4
