Sep 26, 2026 08:27:54.530 [140078616791808] INFO - Plex Media Scanner v1.43.4.10903-e5521bd8c - Docker Docker Container (LinuxServer.io) x86_64 - build: linux-x86_64 - GMT 02:00
Sep 26, 2026 08:27:54.531 [140078616791808] INFO - Linux version: 6.12.107+deb13-amd64, language: en-US
Sep 26, 2026 08:27:54.531 [140078616791808] INFO - Processor: 6-core Intel(R) Core(TM) i5-9500T CPU @ 2.20GHz
Sep 26, 2026 08:27:54.531 [140078616791808] INFO - /usr/lib/plexmediaserver/Plex Media Scanner --analyze --log-file-suffix  Analysis --no-thumbs --item 6
Sep 26, 2026 08:27:54.532 [140078617292544] DEBUG - Opening 20 database sessions to library (com.plexapp.plugins.library), SQLite 3.53.3, threadsafe=1
Sep 26, 2026 08:27:54.609 [140078617292544] DEBUG - Analyzing media parts for item 6 (Pas de vagues): 7
Sep 26, 2026 08:27:54.610 [140078617292544] DEBUG - [ID 7] Media part analysis: /data/library/movies/The Good Teacher (2024)/Pas.de.vagues.2024.FRENCH.1080p.WEB.H265-FW.mkv
Sep 26, 2026 08:27:54.610 [140078617292544] DEBUG - [MI] Opening input file: "/data/library/movies/The Good Teacher (2024)/Pas.de.vagues.2024.FRENCH.1080p.WEB.H265-FW.mkv"
Sep 26, 2026 08:27:54.610 [140078617292544] DEBUG - [FFMPEG] - Opening '/data/library/movies/The Good Teacher (2024)/Pas.de.vagues.2024.FRENCH.1080p.WEB.H265-FW.mkv' for reading
Sep 26, 2026 08:27:54.610 [140078617292544] DEBUG - [FFMPEG] - Setting default whitelist 'file,crypto,data'
Sep 26, 2026 08:27:54.610 [140078617292544] DEBUG - [FFMPEG] - Format matroska,webm probed with size=2048 and score=100
Sep 26, 2026 08:27:54.610 [140078617292544] DEBUG - [FFMPEG] - st:0 removing common factor 1000000 from timebase
Sep 26, 2026 08:27:54.610 [140078617292544] DEBUG - [FFMPEG] - st:1 removing common factor 1000000 from timebase
Sep 26, 2026 08:27:54.610 [140078617292544] DEBUG - [FFMPEG] - Before avformat_find_stream_info() pos: 5669 bytes read:33446 seeks:2 nb_streams:2
Sep 26, 2026 08:27:54.611 [140078617292544] DEBUG - [FFMPEG] - nal_unit_type: 32(VPS), nuh_layer_id: 0, temporal_id: 0
Sep 26, 2026 08:27:54.612 [140078617292544] DEBUG - [FFMPEG] - Decoding VPS
Sep 26, 2026 08:27:54.612 [140078617292544] DEBUG - [FFMPEG] - Main profile bitstream
Sep 26, 2026 08:27:54.612 [140078617292544] DEBUG - [FFMPEG] - nal_unit_type: 33(SPS), nuh_layer_id: 0, temporal_id: 0
Sep 26, 2026 08:27:54.612 [140078617292544] DEBUG - [FFMPEG] - Decoding SPS
Sep 26, 2026 08:27:54.612 [140078617292544] DEBUG - [FFMPEG] - Main profile bitstream
Sep 26, 2026 08:27:54.612 [140078617292544] DEBUG - [FFMPEG] - Decoding VUI
Sep 26, 2026 08:27:54.612 [140078617292544] DEBUG - [FFMPEG] - nal_unit_type: 34(PPS), nuh_layer_id: 0, temporal_id: 0
Sep 26, 2026 08:27:54.612 [140078617292544] DEBUG - [FFMPEG] - Decoding PPS
Sep 26, 2026 08:27:54.612 [140078617292544] DEBUG - [FFMPEG] - All info found
Sep 26, 2026 08:27:54.612 [140078617292544] DEBUG - [FFMPEG] - After avformat_find_stream_info() pos: 26966 bytes read:66214 seeks:2 frames:11
Sep 26, 2026 08:27:54.633 [140078617292544] DEBUG - [MI]  * e37853139e71014dc9bbb7a8b545d8c5ea18da0a [mkv hevc/eac3] Duration: 5459776ms, 1920x1040 (1.850000) 24.000fps, bitrate=3069kbps, audio channels=6, optimizedForStreaming=0 ("/data/library/movies/The Good Teacher (2024)/Pas.de.vagues.2024.FRENCH.1080p.WEB.H265-FW.mkv")
Sep 26, 2026 08:27:54.633 [140078617292544] DEBUG - [MI] Chapters had generic titles, clearing.
Sep 26, 2026 08:27:54.633 [140078617292544] DEBUG - [MI] Closing input file: "/data/library/movies/The Good Teacher (2024)/Pas.de.vagues.2024.FRENCH.1080p.WEB.H265-FW.mkv"
Sep 26, 2026 08:27:54.633 [140078617292544] DEBUG - Committing media stream changes for part 7
Sep 26, 2026 08:27:54.634 [140078617292544] DEBUG - Updating media item 7, size=2094552994, metadata_item_id=6
Sep 26, 2026 08:27:54.634 [140078617292544] DEBUG - Updating part with ID=7 [/data/library/movies/The Good Teacher (2024)/Pas.de.vagues.2024.FRENCH.1080p.WEB.H265-FW.mkv]
Sep 26, 2026 08:27:54.634 [140078585166592] DEBUG - [HCl#1] HTTP requesting GET http://127.0.0.1:32400/:/metadata/notify/changeItemState?librarySectionID=1&metadataItemID=6&metadataType=1&state=-1&parentID=-1&rootID=-1&mediaState=analyzing
Sep 26, 2026 08:27:54.635 [140078585019136] DEBUG - [HttpClient/HCl#1] HTTP/1.1 (0.0s) 200 response from GET http://127.0.0.1:32400/:/metadata/notify/changeItemState?librarySectionID=1&metadataItemID=6&metadataType=1&state=-1&parentID=-1&rootID=-1&mediaState=analyzing
Sep 26, 2026 08:27:54.636 [140078585166592] DEBUG - [HCl#2] HTTP requesting GET http://127.0.0.1:32400/:/metadata/notify/changeItemState?librarySectionID=1&metadataItemID=6&metadataType=1&state=-1&parentID=-1&rootID=-1&mediaState=idle
Sep 26, 2026 08:27:54.636 [140078585019136] DEBUG - [HttpClient/HCl#2] HTTP/1.1 (0.0s) 200 response from GET http://127.0.0.1:32400/:/metadata/notify/changeItemState?librarySectionID=1&metadataItemID=6&metadataType=1&state=-1&parentID=-1&rootID=-1&mediaState=idle (reused)
Sep 26, 2026 08:27:54.637 [140078617292544] DEBUG - Downloading document http://127.0.0.1:32400/library/changestamp
Sep 26, 2026 08:27:54.637 [140078617292544] DEBUG - [HCl#3] HTTP requesting GET http://127.0.0.1:32400/library/changestamp
Sep 26, 2026 08:27:54.638 [140078585019136] DEBUG - [HttpClient/HCl#3] HTTP/1.1 (0.0s) 200 response from GET http://127.0.0.1:32400/library/changestamp (reused)
Sep 26, 2026 08:27:54.638 [140078617292544] DEBUG - Updating metadata item (save) (Pas de vagues) with ID 6
