2026-09-26 07:12:43,064 (7ffbff2e0808) :  INFO (core:349) - Starting framework core - Version: 2.6.3, Build: e5521bd (Sun Aug 16 21:10:32 UTC 2026)
2026-09-26 07:12:43,065 (7ffbff2e0808) :  DEBUG (core:361) - Using the elevated policy
2026-09-26 07:12:43,065 (7ffbff2e0808) :  DEBUG (core:365) - Extending whitelist: ['cgi', 'tempfile']
2026-09-26 07:12:43,065 (7ffbff2e0808) :  DEBUG (core:450) - Starting runtime component.
2026-09-26 07:12:43,066 (7ffbff2e0808) :  DEBUG (core:450) - Starting caching component.
2026-09-26 07:12:43,067 (7ffbff2e0808) :  DEBUG (core:450) - Starting data component.
2026-09-26 07:12:43,067 (7ffbff2e0808) :  DEBUG (core:450) - Starting networking component.
2026-09-26 07:12:43,067 (7ffbff2e0808) :  DEBUG (networking:276) - Loaded HTTP cookies
2026-09-26 07:12:43,067 (7ffbff2e0808) :  DEBUG (networking:448) - Setting the default network timeout to 20.0
2026-09-26 07:12:43,068 (7ffbff2e0808) :  DEBUG (core:450) - Starting localization component.
2026-09-26 07:12:43,068 (7ffbff2e0808) :  INFO (localization:409) - Setting the default locale to en-us
2026-09-26 07:12:43,068 (7ffbff2e0808) :  WARNING (data:179) - Error decoding with simplejson, using demjson instead (this will cause a performance hit) - Expecting property name enclosed in double quotes: line 26 column 1 (char 1078)
2026-09-26 07:12:43,070 (7ffbff2e0808) :  DEBUG (localization:427) - Loaded en strings
2026-09-26 07:12:43,070 (7ffbff2e0808) :  DEBUG (core:450) - Starting messaging component.
2026-09-26 07:12:43,070 (7ffbff2e0808) :  DEBUG (core:450) - Starting debugging component.
2026-09-26 07:12:43,070 (7ffbff2e0808) :  DEBUG (core:450) - Starting services component.
2026-09-26 07:12:43,070 (7ffbff2e0808) :  DEBUG (core:450) - Starting myplex component.
2026-09-26 07:12:43,070 (7ffbff2e0808) :  DEBUG (core:450) - Starting notifications component.
2026-09-26 07:12:43,167 (7ffbff2e0808) :  DEBUG (accessor:68) - Creating a new model access point for provider com.plexapp.system in namespace 'metadata'
2026-09-26 07:12:43,176 (7ffbfbd2bb38) :  DEBUG (services:265) - Plug-in is not daemonized - loading services from system
2026-09-26 07:12:43,176 (7ffbff2e0808) :  DEBUG (runtime:1121) - Created a thread named 'load_all_services'
2026-09-26 07:12:43,177 (7ffbfbd2bb38) :  DEBUG (networking:158) - Requesting 'http://127.0.0.1:32400/:/plugins/com.plexapp.system/messaging/function/X0J1bmRsZVNlcnZpY2U6QWxsU2VydmljZXM_/Y2VyZWFsMQoxCmxpc3QKMApyMAo_/Y2VyZWFsMQoxCmRpY3QKMApyMAo_'
2026-09-26 07:12:43,178 (7ffbff2e0808) :  DEBUG (runtime:1121) - Created a thread named 'get_server_info'
2026-09-26 07:12:43,178 (7ffbff2e0808) :  DEBUG (core:150) - Finished starting framework core
2026-09-26 07:12:43,179 (7ffbfbc9db38) :  DEBUG (networking:158) - Requesting 'http://127.0.0.1:32400'
2026-09-26 07:12:43,179 (7ffbff2e0808) :  DEBUG (core:560) - Loading plug-in code
2026-09-26 07:12:43,187 (7ffbfbd2bb38) :  ERROR (networking:211) - Error opening URL 'http://127.0.0.1:32400/:/plugins/com.plexapp.system/messaging/function/X0J1bmRsZVNlcnZpY2U6QWxsU2VydmljZXM_/Y2VyZWFsMQoxCmxpc3QKMApyMAo_/Y2VyZWFsMQoxCmRpY3QKMApyMAo_'
2026-09-26 07:12:43,187 (7ffbfbd2bb38) :  ERROR (services:272) - Unable to load services from system. Loading from the current bundle only.
2026-09-26 07:12:43,187 (7ffbfbd2bb38) :  DEBUG (services:362) - Loaded services
2026-09-26 07:12:43,188 (7ffbfbc9db38) :  ERROR (networking:211) - Error opening URL 'http://127.0.0.1:32400'
2026-09-26 07:12:43,191 (7ffbfbc9db38) :  WARNING (core:541) - Unable to retrieve the machine identifier or server version.
2026-09-26 07:12:43,192 (7ffbfbcc8b38) :  DEBUG (services:438) - No shared code to load
2026-09-26 07:12:43,200 (7ffbff2e0808) :  DEBUG (core:566) - Finished loading plug-in code
2026-09-26 07:12:43,200 (7ffbff2e0808) :  DEBUG (runtime:644) - Adding a prefix handler for 'System' ('/system')
2026-09-26 07:12:43,707 (7ffbff2e0808) :  INFO (__init__:35) - Starting System e5521bd (Sun Aug 16 21:10:32 UTC 2026)
2026-09-26 07:12:43,707 (7ffbff2e0808) :  DEBUG (runtime:644) - Adding a prefix handler for 'Player' ('/player')
2026-09-26 07:12:43,712 (7ffbff2e0808) :  INFO (datakit:93) - Loaded the dictionary file
2026-09-26 07:12:43,712 (7ffbff2e0808) :  DEBUG (agentservice:57) - Starting the agent service
2026-09-26 07:12:43,811 (7ffbff2e0808) :  DEBUG (accessor:68) - Creating a new model access point for provider com.plexapp.system in namespace 'metadata'
2026-09-26 07:12:43,817 (7ffbff2e0808) :  DEBUG (bundleservice:65) - Starting the bundle service
2026-09-26 07:12:43,817 (7ffbff2e0808) :  DEBUG (runtime:1121) - Created a thread named 'start'
2026-09-26 07:12:43,817 (7ffbff2e0808) :  DEBUG (playerservice:12) - Starting the player service
2026-09-26 07:12:43,818 (7ffbff2e0808) :  DEBUG (flagservice:13) - Starting the media flag service
2026-09-26 07:12:43,818 (7ffbff2e0808) :  DEBUG (runtime:1121) - Created a thread named 'start'
2026-09-26 07:12:43,818 (7ffbff2e0808) :  DEBUG (peerservice:141) - Starting the peer service
2026-09-26 07:12:43,819 (7ffbff2e0808) :  DEBUG (runtime:1121) - Created a thread named 'refresh_servers'
2026-09-26 07:12:43,820 (7ffbfbac1b38) :  DEBUG (peerservice:164) - Fetching the current list of servers
2026-09-26 07:12:43,820 (7ffbfbac1b38) :  DEBUG (networking:158) - Requesting 'http://127.0.0.1:32400/servers'
2026-09-26 07:12:43,820 (7ffbff2e0808) :  DEBUG (runtime:1154) - Scheduled a timed thread named 'refresh_servers'
2026-09-26 07:12:43,820 (7ffbfbb07b38) :  DEBUG (runtime:1121) - Created a thread named 'ensure_agent_info_exists_inner'
2026-09-26 07:12:43,821 (7ffbff2e0808) :  DEBUG (streamservice:18) - Starting the stream service
2026-09-26 07:12:43,822 (7ffbff2e0808) :  CRITICAL (runtime:713) - Private handlers are no longer supported; couldn't register <bound method StreamService.token_handler of <streamservice.StreamService object at 0x7ffbfc162dd0>>
2026-09-26 07:12:43,822 (7ffbfbac1b38) :  ERROR (networking:211) - Error opening URL 'http://127.0.0.1:32400/servers'
2026-09-26 07:12:43,823 (7ffbff2e0808) :  DEBUG (runtime:1154) - Scheduled a timed thread named 'invalidation_timer'
2026-09-26 07:12:43,823 (7ffbff2e0808) :  DEBUG (proxyservice:12) - Starting the proxy service
2026-09-26 07:12:43,827 (7ffbfbac1b38) :  CRITICAL (runtime:1132) - Exception in thread named 'refresh_servers' (most recent call last):
  File "/usr/lib/plexmediaserver/Resources/Plug-ins-e5521bd8c/Framework.bundle/Contents/Resources/Versions/2/Python/Framework/components/runtime.py", line 1130, in _start_thread
    f(*args, **kwargs)
  File "/usr/lib/plexmediaserver/Resources/Plug-ins-e5521bd8c/System.bundle/Contents/Code/peerservice.py", line 169, in refresh_servers
    servers_el = self.get_servers_el()
  File "/usr/lib/plexmediaserver/Resources/Plug-ins-e5521bd8c/System.bundle/Contents/Code/peerservice.py", line 165, in get_servers_el
    return XML.ElementFromURL('http://127.0.0.1:32400/servers', cacheTime = 0)
  File "/usr/lib/plexmediaserver/Resources/Plug-ins-e5521bd8c/Framework.bundle/Contents/Resources/Versions/2/Python/Framework/api/parsekit.py", line 344, in ElementFromURL
    method=method,
  File "/usr/lib/plexmediaserver/Resources/Plug-ins-e5521bd8c/Framework.bundle/Contents/Resources/Versions/2/Python/Framework/api/networkkit.py", line 67, in _http_request
    req = self._core.networking.http_request(url, *args, **kwargs)
  File "/usr/lib/plexmediaserver/Resources/Plug-ins-e5521bd8c/Framework.bundle/Contents/Resources/Versions/2/Python/Framework/components/networking.py", line 366, in http_request
    return HTTPRequest(self._core, url, data, h, url_cache, encoding, errors, timeout, immediate, sleep, opener, follow_redirects, method)
  File "/usr/lib/plexmediaserver/Resources/Plug-ins-e5521bd8c/Framework.bundle/Contents/Resources/Versions/2/Python/Framework/components/networking.py", line 133, in __init__
    self.load()
  File "/usr/lib/plexmediaserver/Resources/Plug-ins-e5521bd8c/Framework.bundle/Contents/Resources/Versions/2/Python/Framework/components/networking.py", line 173, in load
    f = self._opener.open(req, timeout=self._timeout)
  File "/usr/lib/plexmediaserver/Resources/Python/python27.zip/urllib2.py", line 435, in open
    response = meth(req, response)
  File "/usr/lib/plexmediaserver/Resources/Python/python27.zip/urllib2.py", line 548, in http_response
    'http', request, response, code, msg, hdrs)
  File "/usr/lib/plexmediaserver/Resources/Python/python27.zip/urllib2.py", line 473, in error
    return self._call_chain(*args)
  File "/usr/lib/plexmediaserver/Resources/Python/python27.zip/urllib2.py", line 407, in _call_chain
    result = func(*args)
  File "/usr/lib/plexmediaserver/Resources/Python/python27.zip/urllib2.py", line 556, in http_error_default
    raise HTTPError(req.get_full_url(), code, msg, hdrs, fp)
HTTPError: HTTP Error 503: Service Unavailable

2026-09-26 07:12:43,827 (7ffbfbb07b38) :  DEBUG (runtime:1121) - Created a thread named 'ensure_agent_info_exists_inner'
2026-09-26 07:12:43,827 (7ffbff2e0808) :  DEBUG (runtime:1121) - Created a thread named 'update_attribution_flags_inner'
2026-09-26 07:12:43,828 (7ffbff2e0808) :  INFO (core:611) - Started plug-in
2026-09-26 07:12:43,828 (7ffbff2e0808) :  DEBUG (socketinterface:160) - Starting socket server
2026-09-26 07:12:43,829 (7ffbfbb07b38) :  DEBUG (runtime:1121) - Created a thread named 'ensure_agent_info_exists_inner'
2026-09-26 07:12:43,829 (7ffbff2e0808) :  DEBUG (runtime:1121) - Created a thread named 'start'
2026-09-26 07:12:43,829 (7ffbff2e0808) :  INFO (socketinterface:184) - Socket server started on port 46243
2026-09-26 07:12:43,829 (7ffbff2e0808) :  INFO (pipeinterface:25) - Entering run loop
2026-09-26 07:12:43,829 (7ffbff2e0808) :  DEBUG (runtime:721) - Handling request GET /:/prefixes
2026-09-26 07:12:43,831 (7ffbff2e0808) :  DEBUG (runtime:818) - Found route matching /:/prefixes
2026-09-26 07:12:43,831 (7ffbfbb07b38) :  DEBUG (runtime:1121) - Created a thread named 'ensure_agent_info_exists_inner'
2026-09-26 07:12:43,832 (7ffbff2e0808) :  DEBUG (runtime:928) - Response: [200] MediaContainer, 486 bytes
2026-09-26 07:12:43,833 (7ffbfbb07b38) :  DEBUG (runtime:1121) - Created a thread named 'ensure_agent_info_exists_inner'
2026-09-26 07:12:43,834 (7ffbfbb07b38) :  DEBUG (runtime:1121) - Created a thread named 'ensure_agent_info_exists_inner'
2026-09-26 07:12:43,837 (7ffbfb34ab38) :  DEBUG (runtime:721) - Handling request GET /system/agents
2026-09-26 07:12:43,838 (7ffbfbb07b38) :  DEBUG (runtime:1121) - Created a thread named 'ensure_agent_info_exists_inner'
2026-09-26 07:12:43,845 (7ffbfbb07b38) :  DEBUG (runtime:1121) - Created a thread named 'ensure_agent_info_exists_inner'
2026-09-26 07:12:43,848 (7ffbfbb07b38) :  DEBUG (runtime:1121) - Created a thread named 'ensure_agent_info_exists_inner'
2026-09-26 07:12:43,850 (7ffbfbb07b38) :  DEBUG (runtime:1121) - Created a thread named 'ensure_agent_info_exists_inner'
2026-09-26 07:12:43,851 (7ffbfbb07b38) :  INFO (bundleservice:131) - Found duplicate identifier at /usr/lib/plexmediaserver/Resources/Plug-ins-e5521bd8c/TheTVDBv4.bundle for bundled plugin (com.plexapp.agents.thetvdb), ignoring duplicate plugin.
2026-09-26 07:12:43,852 (7ffbfbb07b38) :  DEBUG (runtime:1121) - Created a thread named 'ensure_agent_info_exists_inner'
2026-09-26 07:12:43,855 (7ffbfbb07b38) :  DEBUG (runtime:1121) - Created a thread named 'ensure_agent_info_exists_inner'
2026-09-26 07:12:43,858 (7ffbfbb07b38) :  DEBUG (runtime:1121) - Created a thread named 'ensure_agent_info_exists_inner'
2026-09-26 07:12:43,859 (7ffbfbb07b38) :  DEBUG (runtime:1121) - Created a thread named 'remove_unavailable_agents'
2026-09-26 07:12:43,860 (7ffbfbb07b38) :  DEBUG (bundleservice:81) - Started the bundle service
2026-09-26 07:12:43,862 (7ffbfb147b38) :  DEBUG (runtime:1121) - Created a thread named 'ensure_agent_info_exists_inner'
2026-09-26 07:12:43,869 (7ffbfb3a2b38) :  INFO (agentservice:134) - Agent info: {'com.plexapp.agents.fanarttv': [{'media_types': ['Movie'], 'primary_provider': False, 'fallback_agent': None, 'contributes_to': ['com.plexapp.agents.imdb', 'com.plexapp.agents.themoviedb'], 'has_attribution': True, 'languages': ['xn'], 'persist_stored_files': True, 'version': 0, 'accepts_from': None, 'prefs': True, 'name': 'Fanart.tv'}, {'media_types': ['TV_Show'], 'primary_provider': False, 'fallback_agent': None, 'contributes_to': ['com.plexapp.agents.thetvdb', 'com.plexapp.agents.themoviedb'], 'has_attribution': True, 'languages': ['xn'], 'persist_stored_files': True, 'version': 0, 'accepts_from': None, 'prefs': True, 'name': 'Fanart.tv'}, {'media_types': ['Artist'], 'primary_provider': False, 'fallback_agent': None, 'contributes_to': ['com.plexapp.agents.lastfm'], 'has_attribution': True, 'languages': ['xn'], 'persist_stored_files': True, 'version': 0, 'accepts_from': None, 'prefs': True, 'name': 'Fanart.tv'}, {'media_types': ['Album'], 'primary_provider': False, 'fallback_agent': None, 'contributes_to': ['com.plexapp.agents.lastfm'], 'has_attribution': True, 'languages': ['xn'], 'persist_stored_files': True, 'version': 0, 'accepts_from': None, 'prefs': True, 'name': 'Fanart.tv'}], 'com.plexapp.agents.none': [{'media_types': ['Movie'], 'primary_provider': True, 'fallback_agent': None, 'contributes_to': None, 'has_attribution': False, 'languages': ['xn'], 'persist_stored_files': True, 'version': 0, 'accepts_from': None, 'prefs': False, 'name': 'Personal Media'}, {'media_types': ['TV_Show'], 'primary_provider': True, 'fallback_agent': None, 'contributes_to': None, 'has_attribution': False, 'languages': ['xn'], 'persist_stored_files': True, 'version': 0, 'accepts_from': None, 'prefs': False, 'name': 'Personal Media Shows'}, {'media_types': ['Artist'], 'primary_provider': True, 'fallback_agent': None, 'contributes_to': None, 'has_attribution': False, 'languages': ['xn'], 'persist_stored_files': True, 'version': 0, 'accepts_from': None, 'prefs': False, 'name': 'Personal Media Artists'}, {'media_types': ['Album'], 'primary_provider': True, 'fallback_agent': None, 'contributes_to': None, 'has_attribution': False, 'languages': ['xn'], 'persist_stored_files': True, 'version': 0, 'accepts_from': None, 'prefs': False, 'name': 'Personal Media Albums'}, {'media_types': ['Photo'], 'primary_provider': True, 'fallback_agent': None, 'contributes_to': None, 'has_attribution': False, 'languages': ['en', 'ar', 'bg', 'ca', 'cs', 'cy', 'da', 'de', 'el', 'es', 'et', 'fa', 'fi', 'fr', 'he', 'hi', 'hr', 'ht', 'hu', 'id', 'it', 'ja', 'ko', 'lt', 'lv', 'ms', 'mt', 'nl', 'no', 'pl', 'pt', 'ro', 'ru', 'sk', 'sv', 'sl', 'sr', 'th', 'tr', 'uk', 'ur', 'vi', 'zh', 'xn'], 'persist_stored_files': True, 'version': 0, 'accepts_from': None, 'prefs': False, 'name': 'Photos'}], 'com.plexapp.agents.htbackdrops': [{'media_types': ['Artist'], 'primary_provider': False, 'fallback_agent': None, 'contributes_to': ['com.plexapp.agents.lastfm'], 'has_attribution': True, 'languages': ['ab', 'aa', 'af', 'ak', 'sq', 'am', 'ar', 'an', 'hy', 'as', 'av', 'ae', 'ay', 'az', 'bm', 'ba', 'eu', 'be', 'bn', 'bh', 'bi', 'bs', 'pb', 'br', 'bg', 'my', 'ca', 'ch', 'ce', 'ny', 'zh', 'cu', 'cv', 'kw', 'co', 'cr', 'hr', 'cs', 'da', 'dv', 'nl', 'dz', 'en', 'eo', 'et', 'ee', 'fo', 'fj', 'fi', 'fr', 'fy', 'ff', 'gd', 'gl', 'lg', 'ka', 'de', 'el', 'gn', 'gu', 'ht', 'ha', 'he', 'hz', 'hi', 'ho', 'hu', 'is', 'io', 'ig', 'id', 'ia', 'ie', 'iu', 'ik', 'ga', 'it', 'ja', 'jv', 'kl', 'kn', 'kr', 'ks', 'kk', 'km', 'ki', 'rw', 'ky', 'kv', 'kg', 'ko', 'kj', 'ku', 'lo', 'la', 'lv', 'li', 'ln', 'lt', 'lu', 'lb', 'mk', 'mg', 'ms', 'ml', 'mt', 'gv', 'mi', 'mr', 'mh', 'mo', 'mn', 'na', 'nv', 'ng', 'ne', 'xn', 'nd', 'no', 'nb', 'nn', 'oc', 'oj', 'or', 'om', 'os', 'pi', 'pa', 'fa', 'pl', 'pt', 'ps', 'qu', 'rm', 'ro', 'rn', 'ru', 'se', 'sm', 'sg', 'sa', 'sc', 'sr', 'sn', 'ii', 'sd', 'si', 'sk', 'sl', 'so', 'st', 'nr', 'es', 'su', 'sw', 'ss', 'sv', 'tl', 'ty', 'tg', 'ta', 'tt', 'te', 'th', 'bo', 'ti', 'to', 'ts', 'tn', 'tr', 'tk', 'tw', 'ug', 'uk', 'ur', 'uz', 've', 'vi', 'vo', 'wa', 'cy', 'wo', 'xh', 'yi', 'yo', 'za', 'zu'], 'persist_stored_files': True, 'version': 0, 'accepts_from': None, 'prefs': False, 'name': 'Home Theater Backdrops'}], 'com.plexapp.agents.imdb': [{'media_types': ['Movie'], 'accepts_from': ['com.plexapp.agents.localmedia'], 'fallback_agent': None, 'contributes_to': ['com.plexapp.agents.themoviedb'], 'has_attribution': True, 'languages': ['en', 'sv', 'fr', 'es', 'nl', 'de', 'it', 'da', 'ar', 'ca', 'zh', 'cs', 'et', 'fi', 'el', 'he', 'hi', 'hu', 'id', 'ja', 'ko', 'lv', 'no', 'fa', 'pl', 'pt', 'ro', 'ru', 'sk', 'th', 'tr', 'uk', 'vi'], 'persist_stored_files': True, 'version': 0, 'primary_provider': True, 'prefs': True, 'name': 'Plex Movie (Legacy)'}], 'com.plexapp.agents.lyricfind': [{'media_types': ['Album'], 'primary_provider': False, 'fallback_agent': None, 'contributes_to': ['com.plexapp.agents.lastfm', 'tv.plex.agents.music', 'org.musicbrainz.agents.music'], 'has_attribution': True, 'languages': ['xn'], 'persist_stored_files': True, 'version': 0, 'accepts_from': None, 'prefs': False, 'name': 'LyricFind'}], 'com.plexapp.agents.thetvdb': [{'media_types': ['TV_Show'], 'primary_provider': True, 'fallback_agent': None, 'contributes_to': None, 'has_attribution': True, 'languages': ['en', 'fr', 'zh', 'sv', 'no', 'da', 'fi', 'nl', 'de', 'it', 'es', 'pl', 'hu', 'el', 'tr', 'ru', 'he', 'ja', 'pt', 'cs', 'ko', 'sl', 'hr'], 'persist_stored_files': True, 'version': 0, 'accepts_from': None, 'prefs': True, 'name': 'TheTVDB'}], 'com.plexapp.agents.plexthememusic': [{'media_types': ['TV_Show'], 'primary_provider': False, 'fallback_agent': None, 'contributes_to': ['com.plexapp.agents.thetvdb', 'com.plexapp.agents.thetvdbdvdorder', 'com.plexapp.agents.themoviedb'], 'has_attribution': False, 'languages': ['xn'], 'persist_stored_files': True, 'version': 0, 'accepts_from': None, 'prefs': False, 'name': 'Plex Theme Music'}], 'org.musicbrainz.agents.music': [{'media_types': ['Artist'], 'primary_provider': True, 'fallback_agent': None, 'contributes_to': None, 'has_attribution': True, 'languages': ['en', 'ar', 'bg', 'zh', 'hr', 'cs', 'da', 'nl', 'fi', 'fr', 'de', 'el', 'hu', 'id', 'it', 'ja', 'ko', 'nn', 'pl', 'pt', 'ro', 'ru', 'sr', 'sk', 'es', 'sv', 'th', 'tr', 'vi', 'xx'], 'persist_stored_files': True, 'version': 0, 'accepts_from': None, 'prefs': True, 'name': 'Musicbrainz'}, {'media_types': ['Album'], 'primary_provider': True, 'fallback_agent': None, 'contributes_to': None, 'has_attribution': True, 'languages': ['en', 'ar', 'bg', 'zh', 'hr', 'cs', 'da', 'nl', 'fi', 'fr', 'de', 'el', 'hu', 'id', 'it', 'ja', 'ko', 'nn', 'pl', 'pt', 'ro', 'ru', 'sr', 'sk', 'es', 'sv', 'th', 'tr', 'vi', 'xx'], 'persist_stored_files': True, 'version': 0, 'accepts_from': None, 'prefs': True, 'name': 'Musicbrainz'}], 'com.plexapp.agents.themoviedb': [{'media_types': ['Movie'], 'primary_provider': True, 'fallback_agent': None, 'contributes_to': None, 'has_attribution': True, 'languages': ['en', 'cs', 'da', 'de', 'el', 'es', 'fi', 'fr', 'he', 'hr', 'hu', 'it', 'lv', 'lt', 'nl', 'no', 'pl', 'pt', 'ru', 'sk', 'sv', 'th', 'tr', 'vi', 'zh', 'ko'], 'persist_stored_files': True, 'version': 0, 'accepts_from': ['com.plexapp.agents.localmedia'], 'prefs': True, 'name': 'The Movie Database'}, {'media_types': ['TV_Show'], 'primary_provider': True, 'fallback_agent': None, 'contributes_to': ['com.plexapp.agents.thetvdb'], 'has_attribution': True, 'languages': ['en', 'cs', 'da', 'de', 'el', 'es', 'fi', 'fr', 'he', 'hr', 'hu', 'it', 'lv', 'lt', 'nl', 'no', 'pl', 'pt', 'ru', 'sk', 'sv', 'th', 'tr', 'vi', 'zh', 'ko'], 'persist_stored_files': True, 'version': 0, 'accepts_from': ['com.plexapp.agents.localmedia', 'com.plexapp.agents.thetvdb'], 'prefs': True, 'name': 'The Movie Database'}], 'com.plexapp.agents.movieposterdb': [{'media_types': ['Movie'], 'primary_provider': False, 'fallback_agent': None, 'contributes_to': ['com.plexapp.agents.imdb'], 'has_attribution': True, 'languages': ['xn'], 'persist_stored_files': True, 'version': 0, 'accepts_from': None, 'prefs': False, 'name': 'CineMaterial'}], 'com.plexapp.agents.localmedia': [{'media_types': ['Movie'], 'primary_provider': False, 'fallback_agent': None, 'contributes_to': ['com.plexapp.agents.imdb', 'com.plexapp.agents.none'], 'has_attribution': False, 'languages': ['xn'], 'persist_stored_files': False, 'version': 0, 'accepts_from': None, 'prefs': True, 'name': 'Local Media Assets (Movies)'}, {'media_types': ['TV_Show'], 'primary_provider': False, 'fallback_agent': None, 'contributes_to': ['com.plexapp.agents.thetvdb', 'com.plexapp.agents.none'], 'has_attribution': False, 'languages': ['xn'], 'persist_stored_files': False, 'version': 0, 'accepts_from': None, 'prefs': True, 'name': 'Local Media Assets (TV)'}, {'media_types': ['Artist'], 'primary_provider': False, 'fallback_agent': None, 'contributes_to': ['com.plexapp.agents.discogs', 'com.plexapp.agents.lastfm', 'com.plexapp.agents.plexmusic', 'com.plexapp.agents.none', 'tv.plex.agents.music', 'org.musicbrainz.agents.music'], 'has_attribution': False, 'languages': ['xn'], 'persist_stored_files': False, 'version': 0, 'accepts_from': None, 'prefs': True, 'name': 'Local Media Assets (Artists)'}, {'media_types': ['Artist'], 'primary_provider': False, 'fallback_agent': None, 'contributes_to': ['com.plexapp.agents.plexmusic'], 'has_attribution': False, 'languages': ['xn'], 'persist_stored_files': False, 'version': 2, 'accepts_from': None, 'prefs': True, 'name': 'Local Media Assets (Artists)'}, {'media_types': ['Album'], 'primary_provider': False, 'fallback_agent': None, 'contributes_to': ['com.plexapp.agents.discogs', 'com.plexapp.agents.lastfm', 'com.plexapp.agents.plexmusic', 'com.plexapp.agents.none', 'tv.plex.agents.music', 'org.musicbrainz.agents.music'], 'has_attribution': False, 'languages': ['xn'], 'persist_stored_files': False, 'version': 0, 'accepts_from': None, 'prefs': True, 'name': 'Local Media Assets (Albums)'}], 'com.plexapp.agents.lastfm': [{'media_types': ['Artist'], 'primary_provider': True, 'fallback_agent': None, 'contributes_to': None, 'has_attribution': True, 'languages': ['en', 'sv', 'fr', 'es', 'de', 'pl', 'it', 'pt', 'ja', 'tr', 'ru', 'zh'], 'persist_stored_files': True, 'version': 0, 'accepts_from': None, 'prefs': True, 'name': 'Last.fm'}, {'media_types': ['Album'], 'primary_provider': True, 'fallback_agent': None, 'contributes_to': None, 'has_attribution': True, 'languages': ['en', 'sv', 'fr', 'es', 'de', 'pl', 'it', 'pt', 'ja', 'tr', 'ru', 'zh'], 'persist_stored_files': True, 'version': 0, 'accepts_from': None, 'prefs': True, 'name': 'Last.fm'}]}
2026-09-26 07:12:43,879 (7ffbfb34ab38) :  DEBUG (runtime:818) - Found route matching /system/agents
2026-09-26 07:12:43,880 (7ffbfb3a2b38) :  INFO (datakit:131) - Saved the dictionary file
2026-09-26 07:12:43,881 (7ffbfbae4b38) :  DEBUG (flagservice:46) - Started the media flag service
2026-09-26 07:12:43,882 (7ffbfb34ab38) :  DEBUG (runtime:1121) - Created a thread named 'ensure_agent_info_exists_inner'
2026-09-26 07:12:43,888 (7ffbfb34ab38) :  DEBUG (runtime:928) - Response: [200] MediaContainer, 8986 bytes
2026-09-26 07:12:44,753 (7ffbfb3a2b38) :  DEBUG (runtime:721) - Handling request GET /system/messaging/clear_events/com.plexapp.agents.imdb
2026-09-26 07:12:44,772 (7ffbfb3a2b38) :  DEBUG (runtime:818) - Found route matching /system/messaging/clear_events/com.plexapp.agents.imdb
2026-09-26 07:12:44,773 (7ffbfb3a2b38) :  DEBUG (runtime:88) - Sending packed state data (99 bytes)
2026-09-26 07:12:44,774 (7ffbfb3a2b38) :  DEBUG (runtime:928) - Response: [200] str, 0 bytes
2026-09-26 07:12:44,873 (7ffbfb3a2b38) :  DEBUG (runtime:721) - Handling request GET /:/plugins/com.plexapp.system/resourceHashes
2026-09-26 07:12:44,897 (7ffbfb3a2b38) :  DEBUG (runtime:818) - Found route matching /:/plugins/com.plexapp.system/resourceHashes
2026-09-26 07:12:44,897 (7ffbfb3a2b38) :  DEBUG (networking:158) - Requesting 'http://resources-cdn.plexapp.com/hashes.json'
2026-09-26 07:12:44,910 (7ffbfb3a2b38) :  CRITICAL (runtime:1303) - Exception getting hosted resource hashes (most recent call last):
  File "/usr/lib/plexmediaserver/Resources/Plug-ins-e5521bd8c/Framework.bundle/Contents/Resources/Versions/2/Python/Framework/components/runtime.py", line 1295, in get_resource_hashes
    json = self._core.networking.http_request("http://resources-cdn.plexapp.com/hashes.json", timeout=5).content
  File "/usr/lib/plexmediaserver/Resources/Plug-ins-e5521bd8c/Framework.bundle/Contents/Resources/Versions/2/Python/Framework/components/networking.py", line 257, in content
    return self.__str__()
  File "/usr/lib/plexmediaserver/Resources/Plug-ins-e5521bd8c/Framework.bundle/Contents/Resources/Versions/2/Python/Framework/components/networking.py", line 235, in __str__
    self.load()
  File "/usr/lib/plexmediaserver/Resources/Plug-ins-e5521bd8c/Framework.bundle/Contents/Resources/Versions/2/Python/Framework/components/networking.py", line 173, in load
    f = self._opener.open(req, timeout=self._timeout)
  File "/usr/lib/plexmediaserver/Resources/Python/python27.zip/urllib2.py", line 429, in open
    response = self._open(req, data)
  File "/usr/lib/plexmediaserver/Resources/Python/python27.zip/urllib2.py", line 447, in _open
    '_open', req)
  File "/usr/lib/plexmediaserver/Resources/Python/python27.zip/urllib2.py", line 407, in _call_chain
    result = func(*args)
  File "/usr/lib/plexmediaserver/Resources/Python/python27.zip/urllib2.py", line 1228, in http_open
    return self.do_open(httplib.HTTPConnection, req)
  File "/usr/lib/plexmediaserver/Resources/Python/python27.zip/urllib2.py", line 1198, in do_open
    raise URLError(err)
URLError: <urlopen error [Errno -2] Name does not resolve>

2026-09-26 07:12:44,910 (7ffbfb3a2b38) :  DEBUG (runtime:88) - Sending packed state data (99 bytes)
2026-09-26 07:12:44,911 (7ffbfb3a2b38) :  DEBUG (runtime:928) - Response: [404] NoneType, 0 bytes
2026-09-26 07:12:44,925 (7ffbfb3a2b38) :  DEBUG (runtime:721) - Handling request GET /:/plugins/com.plexapp.system/messaging/function/X0J1bmRsZVNlcnZpY2U6QWxsU2VydmljZXM_/Y2VyZWFsMQoxCmxpc3QKMApyMAo_/Y2VyZWFsMQoxCmRpY3QKMApyMAo_
2026-09-26 07:12:44,926 (7ffbfb3a2b38) :  DEBUG (runtime:49) - Received packed state data (80 bytes)
2026-09-26 07:12:44,928 (7ffbfb3a2b38) :  DEBUG (runtime:818) - Found route matching /:/plugins/com.plexapp.system/messaging/function/X0J1bmRsZVNlcnZpY2U6QWxsU2VydmljZXM_/Y2VyZWFsMQoxCmxpc3QKMApyMAo_/Y2VyZWFsMQoxCmRpY3QKMApyMAo_
2026-09-26 07:12:44,929 (7ffbfb3a2b38) :  DEBUG (runtime:88) - Sending packed state data (99 bytes)
2026-09-26 07:12:44,929 (7ffbfb3a2b38) :  DEBUG (runtime:928) - Response: [200] str, 516 bytes
2026-09-26 07:12:45,530 (7ffbfb3a2b38) :  DEBUG (runtime:721) - Handling request GET /:/plugins/com.plexapp.system/messaging/function/X0FnZW50U2VydmljZTpVcGRhdGVJbmZv/Y2VyZWFsMQoxCmxpc3QKMApyMAo_/Y2VyZWFsMQo3CmRpY3QKbGlzdApkaWN0Cmxpc3QKbGlzdApsaXN0Cmxpc3QKMgpzMjMKY29tLnBsZXhhcHAuYWdlbnRzLmltZGJzMTAKaWRlbnRpZmllcnIxCnMxMAphZ2VudF9pbmZvMQpyMgoxMApyMwpzMTEKbWVkaWFfdHlwZXNyNApzMTIKYWNjZXB0c19mcm9tbnMxNApmYWxsYmFja19hZ2VudHI1CnMxNApjb250cmlidXRlc190b3I2CnM5Cmxhbmd1YWdlc2IxczIwCnBlcnNpc3Rfc3RvcmVkX2ZpbGVzaTAKczcKdmVyc2lvbmIxczE2CnByaW1hcnlfcHJvdmlkZXJiMXM1CnByZWZzczE5ClBsZXggTW92aWUgKExlZ2FjeSlzNApuYW1lMQpzNQpNb3ZpZTEKczI5CmNvbS5wbGV4YXBwLmFnZW50cy5sb2NhbG1lZGlhMQpzMjkKY29tLnBsZXhhcHAuYWdlbnRzLnRoZW1vdmllZGIzMwpzMgplbnMyCnN2czIKZnJzMgplc3MyCm5sczIKZGVzMgppdHMyCmRhczIKYXJzMgpjYXMyCnpoczIKY3NzMgpldHMyCmZpczIKZWxzMgpoZXMyCmhpczIKaHVzMgppZHMyCmphczIKa29zMgpsdnMyCm5vczIKZmFzMgpwbHMyCnB0czIKcm9zMgpydXMyCnNrczIKdGhzMgp0cnMyCnVrczIKdmlyMAo_
2026-09-26 07:12:45,535 (7ffbfb3a2b38) :  DEBUG (runtime:49) - Received packed state data (80 bytes)
2026-09-26 07:12:45,536 (7ffbfb3a2b38) :  DEBUG (runtime:818) - Found route matching /:/plugins/com.plexapp.system/messaging/function/X0FnZW50U2VydmljZTpVcGRhdGVJbmZv/Y2VyZWFsMQoxCmxpc3QKMApyMAo_/Y2VyZWFsMQo3CmRpY3QKbGlzdApkaWN0Cmxpc3QKbGlzdApsaXN0Cmxpc3QKMgpzMjMKY29tLnBsZXhhcHAuYWdlbnRzLmltZGJzMTAKaWRlbnRpZmllcnIxCnMxMAphZ2VudF9pbmZvMQpyMgoxMApyMwpzMTEKbWVkaWFfdHlwZXNyNApzMTIKYWNjZXB0c19mcm9tbnMxNApmYWxsYmFja19hZ2VudHI1CnMxNApjb250cmlidXRlc190b3I2CnM5Cmxhbmd1YWdlc2IxczIwCnBlcnNpc3Rfc3RvcmVkX2ZpbGVzaTAKczcKdmVyc2lvbmIxczE2CnByaW1hcnlfcHJvdmlkZXJiMXM1CnByZWZzczE5ClBsZXggTW92aWUgKExlZ2FjeSlzNApuYW1lMQpzNQpNb3ZpZTEKczI5CmNvbS5wbGV4YXBwLmFnZW50cy5sb2NhbG1lZGlhMQpzMjkKY29tLnBsZXhhcHAuYWdlbnRzLnRoZW1vdmllZGIzMwpzMgplbnMyCnN2czIKZnJzMgplc3MyCm5sczIKZGVzMgppdHMyCmRhczIKYXJzMgpjYXMyCnpoczIKY3NzMgpldHMyCmZpczIKZWxzMgpoZXMyCmhpczIKaHVzMgppZHMyCmphczIKa29zMgpsdnMyCm5vczIKZmFzMgpwbHMyCnB0czIKcm9zMgpydXMyCnNrczIKdGhzMgp0cnMyCnVrczIKdmlyMAo_
2026-09-26 07:12:45,538 (7ffbfb3a2b38) :  INFO (agentservice:180) - Receiving agent info from com.plexapp.agents.imdb: [{'media_types': ['Movie'], 'primary_provider': True, 'fallback_agent': None, 'contributes_to': ['com.plexapp.agents.themoviedb'], 'languages': ['en', 'sv', 'fr', 'es', 'nl', 'de', 'it', 'da', 'ar', 'ca', 'zh', 'cs', 'et', 'fi', 'el', 'he', 'hi', 'hu', 'id', 'ja', 'ko', 'lv', 'no', 'fa', 'pl', 'pt', 'ro', 'ru', 'sk', 'th', 'tr', 'uk', 'vi'], 'persist_stored_files': True, 'version': 0, 'accepts_from': ['com.plexapp.agents.localmedia'], 'prefs': True, 'name': 'Plex Movie (Legacy)'}]
2026-09-26 07:12:45,539 (7ffbfb3a2b38) :  DEBUG (runtime:88) - Sending packed state data (99 bytes)
2026-09-26 07:12:45,540 (7ffbfb3a2b38) :  DEBUG (runtime:928) - Response: [200] str, 16 bytes
2026-09-26 07:12:48,837 (7ffbfb3a2b38) :  DEBUG (runtime:721) - Handling request GET /system/notify/serverUpdated?host=127.0.0.1
2026-09-26 07:12:48,838 (7ffbfb3a2b38) :  DEBUG (runtime:818) - Found route matching /system/notify/serverUpdated
2026-09-26 07:12:48,838 (7ffbfb3a2b38) :  DEBUG (peerservice:386) - Handling server update notification (127.0.0.1)
2026-09-26 07:12:48,838 (7ffbfb3a2b38) :  DEBUG (peerservice:189) - Updating servers (True/False True/True/True)
2026-09-26 07:12:48,838 (7ffbfb3a2b38) :  DEBUG (peerservice:164) - Fetching the current list of servers
2026-09-26 07:12:48,839 (7ffbfb3a2b38) :  DEBUG (networking:158) - Requesting 'http://127.0.0.1:32400/servers'
2026-09-26 07:12:48,840 (7ffbfb3a2b38) :  DEBUG (peerservice:198) - Found 1 servers
2026-09-26 07:12:48,840 (7ffbfb3a2b38) :  DEBUG (peerservice:214) - Ignoring 6df3ed7548de3b00ee90a8ae9e1674cc38d68e78 because host != 127.0.0.1 (192.168.1.158)
2026-09-26 07:12:48,841 (7ffbfb3a2b38) :  DEBUG (runtime:928) - Response: [200] str, 0 bytes
2026-09-26 07:12:48,868 (7ffbfbb07b38) :  INFO (datakit:131) - Saved the dictionary file
2026-09-26 07:14:43,821 (7ffbfba1ab38) :  DEBUG (runtime:1160) - Starting timed thread named 'refresh_servers'
2026-09-26 07:14:43,821 (7ffbfba1ab38) :  DEBUG (peerservice:164) - Fetching the current list of servers
2026-09-26 07:14:43,822 (7ffbfba1ab38) :  DEBUG (networking:158) - Requesting 'http://127.0.0.1:32400/servers'
2026-09-26 07:14:43,827 (7ffbfba1ab38) :  DEBUG (peerservice:171) - Refreshing local server
2026-09-26 07:14:43,828 (7ffbfba1ab38) :  DEBUG (peerservice:189) - Updating servers (True/False True/True/True)
2026-09-26 07:14:43,828 (7ffbfba1ab38) :  DEBUG (peerservice:198) - Found 1 servers
2026-09-26 07:14:43,829 (7ffbfba1ab38) :  DEBUG (networking:158) - Requesting 'http://127.0.0.1:32400'
2026-09-26 07:14:43,834 (7ffbfba1ab38) :  DEBUG (core:521) - Attribute 'machineIdentifier' set to '6df3ed7548de3b00ee90a8ae9e1674cc38d68e78'
2026-09-26 07:14:43,835 (7ffbfba1ab38) :  DEBUG (peerservice:230) - Creating new server plex-server-m720 (6df3ed7548de3b00ee90a8ae9e1674cc38d68e78)
2026-09-26 07:14:43,835 (7ffbfba1ab38) :  DEBUG (networking:158) - Requesting 'http://127.0.0.1:32400/library/sections'
2026-09-26 07:14:43,837 (7ffbfba1ab38) :  DEBUG (networking:158) - Requesting 'http://127.0.0.1:32400/channels/all'
2026-09-26 07:14:43,839 (7ffbfbb00b38) :  DEBUG (peerservice:176) - Background-refreshing remote servers
2026-09-26 07:14:43,839 (7ffbfba1ab38) :  DEBUG (runtime:1121) - Created a thread named 'background_refresh'
2026-09-26 07:14:43,839 (7ffbfbb00b38) :  DEBUG (peerservice:189) - Updating servers (True/False True/True/True)
2026-09-26 07:14:43,840 (7ffbfbb00b38) :  DEBUG (peerservice:198) - Found 1 servers
2026-09-26 07:14:43,840 (7ffbfbb00b38) :  DEBUG (peerservice:233) - Updating existing server plex-server-m720 (6df3ed7548de3b00ee90a8ae9e1674cc38d68e78)
2026-09-26 07:14:43,840 (7ffbfbb00b38) :  DEBUG (networking:158) - Requesting 'http://127.0.0.1:32400/library/sections'
2026-09-26 07:14:43,842 (7ffbfbb00b38) :  DEBUG (networking:158) - Requesting 'http://127.0.0.1:32400/channels/all'
